// Jest Snapshot v1, https://goo.gl/fbAQLP

exports[`computeGrid should compute origin according to remaining space 1`] = `
Array [
  Object {
    "column": 0,
    "position": 90,
    "row": 9,
    "x": 0,
    "y": 90,
  },
  Object {
    "column": 1,
    "position": 91,
    "row": 9,
    "x": 10,
    "y": 90,
  },
  Object {
    "column": 2,
    "position": 92,
    "row": 9,
    "x": 20,
    "y": 90,
  },
  Object {
    "column": 3,
    "position": 93,
    "row": 9,
    "x": 30,
    "y": 90,
  },
  Object {
    "column": 4,
    "position": 94,
    "row": 9,
    "x": 40,
    "y": 90,
  },
  Object {
    "column": 5,
    "position": 95,
    "row": 9,
    "x": 50,
    "y": 90,
  },
  Object {
    "column": 6,
    "position": 96,
    "row": 9,
    "x": 60,
    "y": 90,
  },
  Object {
    "column": 7,
    "position": 97,
    "row": 9,
    "x": 70,
    "y": 90,
  },
  Object {
    "column": 8,
    "position": 98,
    "row": 9,
    "x": 80,
    "y": 90,
  },
  Object {
    "column": 9,
    "position": 99,
    "row": 9,
    "x": 90,
    "y": 90,
  },
  Object {
    "column": 0,
    "position": 80,
    "row": 8,
    "x": 0,
    "y": 80,
  },
  Object {
    "column": 1,
    "position": 81,
    "row": 8,
    "x": 10,
    "y": 80,
  },
  Object {
    "column": 2,
    "position": 82,
    "row": 8,
    "x": 20,
    "y": 80,
  },
  Object {
    "column": 3,
    "position": 83,
    "row": 8,
    "x": 30,
    "y": 80,
  },
  Object {
    "column": 4,
    "position": 84,
    "row": 8,
    "x": 40,
    "y": 80,
  },
  Object {
    "column": 5,
    "position": 85,
    "row": 8,
    "x": 50,
    "y": 80,
  },
  Object {
    "column": 6,
    "position": 86,
    "row": 8,
    "x": 60,
    "y": 80,
  },
  Object {
    "column": 7,
    "position": 87,
    "row": 8,
    "x": 70,
    "y": 80,
  },
  Object {
    "column": 8,
    "position": 88,
    "row": 8,
    "x": 80,
    "y": 80,
  },
  Object {
    "column": 9,
    "position": 89,
    "row": 8,
    "x": 90,
    "y": 80,
  },
  Object {
    "column": 0,
    "position": 70,
    "row": 7,
    "x": 0,
    "y": 70,
  },
  Object {
    "column": 1,
    "position": 71,
    "row": 7,
    "x": 10,
    "y": 70,
  },
  Object {
    "column": 2,
    "position": 72,
    "row": 7,
    "x": 20,
    "y": 70,
  },
  Object {
    "column": 3,
    "position": 73,
    "row": 7,
    "x": 30,
    "y": 70,
  },
  Object {
    "column": 4,
    "position": 74,
    "row": 7,
    "x": 40,
    "y": 70,
  },
  Object {
    "column": 5,
    "position": 75,
    "row": 7,
    "x": 50,
    "y": 70,
  },
  Object {
    "column": 6,
    "position": 76,
    "row": 7,
    "x": 60,
    "y": 70,
  },
  Object {
    "column": 7,
    "position": 77,
    "row": 7,
    "x": 70,
    "y": 70,
  },
  Object {
    "column": 8,
    "position": 78,
    "row": 7,
    "x": 80,
    "y": 70,
  },
  Object {
    "column": 9,
    "position": 79,
    "row": 7,
    "x": 90,
    "y": 70,
  },
  Object {
    "column": 0,
    "position": 60,
    "row": 6,
    "x": 0,
    "y": 60,
  },
  Object {
    "column": 1,
    "position": 61,
    "row": 6,
    "x": 10,
    "y": 60,
  },
  Object {
    "column": 2,
    "position": 62,
    "row": 6,
    "x": 20,
    "y": 60,
  },
  Object {
    "column": 3,
    "position": 63,
    "row": 6,
    "x": 30,
    "y": 60,
  },
  Object {
    "column": 4,
    "position": 64,
    "row": 6,
    "x": 40,
    "y": 60,
  },
  Object {
    "column": 5,
    "position": 65,
    "row": 6,
    "x": 50,
    "y": 60,
  },
  Object {
    "column": 6,
    "position": 66,
    "row": 6,
    "x": 60,
    "y": 60,
  },
  Object {
    "column": 7,
    "position": 67,
    "row": 6,
    "x": 70,
    "y": 60,
  },
  Object {
    "column": 8,
    "position": 68,
    "row": 6,
    "x": 80,
    "y": 60,
  },
  Object {
    "column": 9,
    "position": 69,
    "row": 6,
    "x": 90,
    "y": 60,
  },
  Object {
    "column": 0,
    "position": 50,
    "row": 5,
    "x": 0,
    "y": 50,
  },
  Object {
    "column": 1,
    "position": 51,
    "row": 5,
    "x": 10,
    "y": 50,
  },
  Object {
    "column": 2,
    "position": 52,
    "row": 5,
    "x": 20,
    "y": 50,
  },
  Object {
    "column": 3,
    "position": 53,
    "row": 5,
    "x": 30,
    "y": 50,
  },
  Object {
    "column": 4,
    "position": 54,
    "row": 5,
    "x": 40,
    "y": 50,
  },
  Object {
    "column": 5,
    "position": 55,
    "row": 5,
    "x": 50,
    "y": 50,
  },
  Object {
    "column": 6,
    "position": 56,
    "row": 5,
    "x": 60,
    "y": 50,
  },
  Object {
    "column": 7,
    "position": 57,
    "row": 5,
    "x": 70,
    "y": 50,
  },
  Object {
    "column": 8,
    "position": 58,
    "row": 5,
    "x": 80,
    "y": 50,
  },
  Object {
    "column": 9,
    "position": 59,
    "row": 5,
    "x": 90,
    "y": 50,
  },
  Object {
    "column": 0,
    "position": 40,
    "row": 4,
    "x": 0,
    "y": 40,
  },
  Object {
    "column": 1,
    "position": 41,
    "row": 4,
    "x": 10,
    "y": 40,
  },
  Object {
    "column": 2,
    "position": 42,
    "row": 4,
    "x": 20,
    "y": 40,
  },
  Object {
    "column": 3,
    "position": 43,
    "row": 4,
    "x": 30,
    "y": 40,
  },
  Object {
    "column": 4,
    "position": 44,
    "row": 4,
    "x": 40,
    "y": 40,
  },
  Object {
    "column": 5,
    "position": 45,
    "row": 4,
    "x": 50,
    "y": 40,
  },
  Object {
    "column": 6,
    "position": 46,
    "row": 4,
    "x": 60,
    "y": 40,
  },
  Object {
    "column": 7,
    "position": 47,
    "row": 4,
    "x": 70,
    "y": 40,
  },
  Object {
    "column": 8,
    "position": 48,
    "row": 4,
    "x": 80,
    "y": 40,
  },
  Object {
    "column": 9,
    "position": 49,
    "row": 4,
    "x": 90,
    "y": 40,
  },
  Object {
    "column": 0,
    "position": 30,
    "row": 3,
    "x": 0,
    "y": 30,
  },
  Object {
    "column": 1,
    "position": 31,
    "row": 3,
    "x": 10,
    "y": 30,
  },
  Object {
    "column": 2,
    "position": 32,
    "row": 3,
    "x": 20,
    "y": 30,
  },
  Object {
    "column": 3,
    "position": 33,
    "row": 3,
    "x": 30,
    "y": 30,
  },
  Object {
    "column": 4,
    "position": 34,
    "row": 3,
    "x": 40,
    "y": 30,
  },
  Object {
    "column": 5,
    "position": 35,
    "row": 3,
    "x": 50,
    "y": 30,
  },
  Object {
    "column": 6,
    "position": 36,
    "row": 3,
    "x": 60,
    "y": 30,
  },
  Object {
    "column": 7,
    "position": 37,
    "row": 3,
    "x": 70,
    "y": 30,
  },
  Object {
    "column": 8,
    "position": 38,
    "row": 3,
    "x": 80,
    "y": 30,
  },
  Object {
    "column": 9,
    "position": 39,
    "row": 3,
    "x": 90,
    "y": 30,
  },
  Object {
    "column": 0,
    "position": 20,
    "row": 2,
    "x": 0,
    "y": 20,
  },
  Object {
    "column": 1,
    "position": 21,
    "row": 2,
    "x": 10,
    "y": 20,
  },
  Object {
    "column": 2,
    "position": 22,
    "row": 2,
    "x": 20,
    "y": 20,
  },
  Object {
    "column": 3,
    "position": 23,
    "row": 2,
    "x": 30,
    "y": 20,
  },
  Object {
    "column": 4,
    "position": 24,
    "row": 2,
    "x": 40,
    "y": 20,
  },
  Object {
    "column": 5,
    "position": 25,
    "row": 2,
    "x": 50,
    "y": 20,
  },
  Object {
    "column": 6,
    "position": 26,
    "row": 2,
    "x": 60,
    "y": 20,
  },
  Object {
    "column": 7,
    "position": 27,
    "row": 2,
    "x": 70,
    "y": 20,
  },
  Object {
    "column": 8,
    "position": 28,
    "row": 2,
    "x": 80,
    "y": 20,
  },
  Object {
    "column": 9,
    "position": 29,
    "row": 2,
    "x": 90,
    "y": 20,
  },
  Object {
    "column": 0,
    "position": 10,
    "row": 1,
    "x": 0,
    "y": 10,
  },
  Object {
    "column": 1,
    "position": 11,
    "row": 1,
    "x": 10,
    "y": 10,
  },
  Object {
    "column": 2,
    "position": 12,
    "row": 1,
    "x": 20,
    "y": 10,
  },
  Object {
    "column": 3,
    "position": 13,
    "row": 1,
    "x": 30,
    "y": 10,
  },
  Object {
    "column": 4,
    "position": 14,
    "row": 1,
    "x": 40,
    "y": 10,
  },
  Object {
    "column": 5,
    "position": 15,
    "row": 1,
    "x": 50,
    "y": 10,
  },
  Object {
    "column": 6,
    "position": 16,
    "row": 1,
    "x": 60,
    "y": 10,
  },
  Object {
    "column": 7,
    "position": 17,
    "row": 1,
    "x": 70,
    "y": 10,
  },
  Object {
    "column": 8,
    "position": 18,
    "row": 1,
    "x": 80,
    "y": 10,
  },
  Object {
    "column": 9,
    "position": 19,
    "row": 1,
    "x": 90,
    "y": 10,
  },
  Object {
    "column": 0,
    "position": 0,
    "row": 0,
    "x": 0,
    "y": 0,
  },
  Object {
    "column": 1,
    "position": 1,
    "row": 0,
    "x": 10,
    "y": 0,
  },
  Object {
    "column": 2,
    "position": 2,
    "row": 0,
    "x": 20,
    "y": 0,
  },
  Object {
    "column": 3,
    "position": 3,
    "row": 0,
    "x": 30,
    "y": 0,
  },
  Object {
    "column": 4,
    "position": 4,
    "row": 0,
    "x": 40,
    "y": 0,
  },
  Object {
    "column": 5,
    "position": 5,
    "row": 0,
    "x": 50,
    "y": 0,
  },
  Object {
    "column": 6,
    "position": 6,
    "row": 0,
    "x": 60,
    "y": 0,
  },
  Object {
    "column": 7,
    "position": 7,
    "row": 0,
    "x": 70,
    "y": 0,
  },
  Object {
    "column": 8,
    "position": 8,
    "row": 0,
    "x": 80,
    "y": 0,
  },
  Object {
    "column": 9,
    "position": 9,
    "row": 0,
    "x": 90,
    "y": 0,
  },
]
`;

exports[`computeGrid should create default empty grid 1`] = `
Array [
  Object {
    "column": 0,
    "position": 90,
    "row": 9,
    "x": 0,
    "y": 90,
  },
  Object {
    "column": 1,
    "position": 91,
    "row": 9,
    "x": 10,
    "y": 90,
  },
  Object {
    "column": 2,
    "position": 92,
    "row": 9,
    "x": 20,
    "y": 90,
  },
  Object {
    "column": 3,
    "position": 93,
    "row": 9,
    "x": 30,
    "y": 90,
  },
  Object {
    "column": 4,
    "position": 94,
    "row": 9,
    "x": 40,
    "y": 90,
  },
  Object {
    "column": 5,
    "position": 95,
    "row": 9,
    "x": 50,
    "y": 90,
  },
  Object {
    "column": 6,
    "position": 96,
    "row": 9,
    "x": 60,
    "y": 90,
  },
  Object {
    "column": 7,
    "position": 97,
    "row": 9,
    "x": 70,
    "y": 90,
  },
  Object {
    "column": 8,
    "position": 98,
    "row": 9,
    "x": 80,
    "y": 90,
  },
  Object {
    "column": 9,
    "position": 99,
    "row": 9,
    "x": 90,
    "y": 90,
  },
  Object {
    "column": 0,
    "position": 80,
    "row": 8,
    "x": 0,
    "y": 80,
  },
  Object {
    "column": 1,
    "position": 81,
    "row": 8,
    "x": 10,
    "y": 80,
  },
  Object {
    "column": 2,
    "position": 82,
    "row": 8,
    "x": 20,
    "y": 80,
  },
  Object {
    "column": 3,
    "position": 83,
    "row": 8,
    "x": 30,
    "y": 80,
  },
  Object {
    "column": 4,
    "position": 84,
    "row": 8,
    "x": 40,
    "y": 80,
  },
  Object {
    "column": 5,
    "position": 85,
    "row": 8,
    "x": 50,
    "y": 80,
  },
  Object {
    "column": 6,
    "position": 86,
    "row": 8,
    "x": 60,
    "y": 80,
  },
  Object {
    "column": 7,
    "position": 87,
    "row": 8,
    "x": 70,
    "y": 80,
  },
  Object {
    "column": 8,
    "position": 88,
    "row": 8,
    "x": 80,
    "y": 80,
  },
  Object {
    "column": 9,
    "position": 89,
    "row": 8,
    "x": 90,
    "y": 80,
  },
  Object {
    "column": 0,
    "position": 70,
    "row": 7,
    "x": 0,
    "y": 70,
  },
  Object {
    "column": 1,
    "position": 71,
    "row": 7,
    "x": 10,
    "y": 70,
  },
  Object {
    "column": 2,
    "position": 72,
    "row": 7,
    "x": 20,
    "y": 70,
  },
  Object {
    "column": 3,
    "position": 73,
    "row": 7,
    "x": 30,
    "y": 70,
  },
  Object {
    "column": 4,
    "position": 74,
    "row": 7,
    "x": 40,
    "y": 70,
  },
  Object {
    "column": 5,
    "position": 75,
    "row": 7,
    "x": 50,
    "y": 70,
  },
  Object {
    "column": 6,
    "position": 76,
    "row": 7,
    "x": 60,
    "y": 70,
  },
  Object {
    "column": 7,
    "position": 77,
    "row": 7,
    "x": 70,
    "y": 70,
  },
  Object {
    "column": 8,
    "position": 78,
    "row": 7,
    "x": 80,
    "y": 70,
  },
  Object {
    "column": 9,
    "position": 79,
    "row": 7,
    "x": 90,
    "y": 70,
  },
  Object {
    "column": 0,
    "position": 60,
    "row": 6,
    "x": 0,
    "y": 60,
  },
  Object {
    "column": 1,
    "position": 61,
    "row": 6,
    "x": 10,
    "y": 60,
  },
  Object {
    "column": 2,
    "position": 62,
    "row": 6,
    "x": 20,
    "y": 60,
  },
  Object {
    "column": 3,
    "position": 63,
    "row": 6,
    "x": 30,
    "y": 60,
  },
  Object {
    "column": 4,
    "position": 64,
    "row": 6,
    "x": 40,
    "y": 60,
  },
  Object {
    "column": 5,
    "position": 65,
    "row": 6,
    "x": 50,
    "y": 60,
  },
  Object {
    "column": 6,
    "position": 66,
    "row": 6,
    "x": 60,
    "y": 60,
  },
  Object {
    "column": 7,
    "position": 67,
    "row": 6,
    "x": 70,
    "y": 60,
  },
  Object {
    "column": 8,
    "position": 68,
    "row": 6,
    "x": 80,
    "y": 60,
  },
  Object {
    "column": 9,
    "position": 69,
    "row": 6,
    "x": 90,
    "y": 60,
  },
  Object {
    "column": 0,
    "position": 50,
    "row": 5,
    "x": 0,
    "y": 50,
  },
  Object {
    "column": 1,
    "position": 51,
    "row": 5,
    "x": 10,
    "y": 50,
  },
  Object {
    "column": 2,
    "position": 52,
    "row": 5,
    "x": 20,
    "y": 50,
  },
  Object {
    "column": 3,
    "position": 53,
    "row": 5,
    "x": 30,
    "y": 50,
  },
  Object {
    "column": 4,
    "position": 54,
    "row": 5,
    "x": 40,
    "y": 50,
  },
  Object {
    "column": 5,
    "position": 55,
    "row": 5,
    "x": 50,
    "y": 50,
  },
  Object {
    "column": 6,
    "position": 56,
    "row": 5,
    "x": 60,
    "y": 50,
  },
  Object {
    "column": 7,
    "position": 57,
    "row": 5,
    "x": 70,
    "y": 50,
  },
  Object {
    "column": 8,
    "position": 58,
    "row": 5,
    "x": 80,
    "y": 50,
  },
  Object {
    "column": 9,
    "position": 59,
    "row": 5,
    "x": 90,
    "y": 50,
  },
  Object {
    "column": 0,
    "position": 40,
    "row": 4,
    "x": 0,
    "y": 40,
  },
  Object {
    "column": 1,
    "position": 41,
    "row": 4,
    "x": 10,
    "y": 40,
  },
  Object {
    "column": 2,
    "position": 42,
    "row": 4,
    "x": 20,
    "y": 40,
  },
  Object {
    "column": 3,
    "position": 43,
    "row": 4,
    "x": 30,
    "y": 40,
  },
  Object {
    "column": 4,
    "position": 44,
    "row": 4,
    "x": 40,
    "y": 40,
  },
  Object {
    "column": 5,
    "position": 45,
    "row": 4,
    "x": 50,
    "y": 40,
  },
  Object {
    "column": 6,
    "position": 46,
    "row": 4,
    "x": 60,
    "y": 40,
  },
  Object {
    "column": 7,
    "position": 47,
    "row": 4,
    "x": 70,
    "y": 40,
  },
  Object {
    "column": 8,
    "position": 48,
    "row": 4,
    "x": 80,
    "y": 40,
  },
  Object {
    "column": 9,
    "position": 49,
    "row": 4,
    "x": 90,
    "y": 40,
  },
  Object {
    "column": 0,
    "position": 30,
    "row": 3,
    "x": 0,
    "y": 30,
  },
  Object {
    "column": 1,
    "position": 31,
    "row": 3,
    "x": 10,
    "y": 30,
  },
  Object {
    "column": 2,
    "position": 32,
    "row": 3,
    "x": 20,
    "y": 30,
  },
  Object {
    "column": 3,
    "position": 33,
    "row": 3,
    "x": 30,
    "y": 30,
  },
  Object {
    "column": 4,
    "position": 34,
    "row": 3,
    "x": 40,
    "y": 30,
  },
  Object {
    "column": 5,
    "position": 35,
    "row": 3,
    "x": 50,
    "y": 30,
  },
  Object {
    "column": 6,
    "position": 36,
    "row": 3,
    "x": 60,
    "y": 30,
  },
  Object {
    "column": 7,
    "position": 37,
    "row": 3,
    "x": 70,
    "y": 30,
  },
  Object {
    "column": 8,
    "position": 38,
    "row": 3,
    "x": 80,
    "y": 30,
  },
  Object {
    "column": 9,
    "position": 39,
    "row": 3,
    "x": 90,
    "y": 30,
  },
  Object {
    "column": 0,
    "position": 20,
    "row": 2,
    "x": 0,
    "y": 20,
  },
  Object {
    "column": 1,
    "position": 21,
    "row": 2,
    "x": 10,
    "y": 20,
  },
  Object {
    "column": 2,
    "position": 22,
    "row": 2,
    "x": 20,
    "y": 20,
  },
  Object {
    "column": 3,
    "position": 23,
    "row": 2,
    "x": 30,
    "y": 20,
  },
  Object {
    "column": 4,
    "position": 24,
    "row": 2,
    "x": 40,
    "y": 20,
  },
  Object {
    "column": 5,
    "position": 25,
    "row": 2,
    "x": 50,
    "y": 20,
  },
  Object {
    "column": 6,
    "position": 26,
    "row": 2,
    "x": 60,
    "y": 20,
  },
  Object {
    "column": 7,
    "position": 27,
    "row": 2,
    "x": 70,
    "y": 20,
  },
  Object {
    "column": 8,
    "position": 28,
    "row": 2,
    "x": 80,
    "y": 20,
  },
  Object {
    "column": 9,
    "position": 29,
    "row": 2,
    "x": 90,
    "y": 20,
  },
  Object {
    "column": 0,
    "position": 10,
    "row": 1,
    "x": 0,
    "y": 10,
  },
  Object {
    "column": 1,
    "position": 11,
    "row": 1,
    "x": 10,
    "y": 10,
  },
  Object {
    "column": 2,
    "position": 12,
    "row": 1,
    "x": 20,
    "y": 10,
  },
  Object {
    "column": 3,
    "position": 13,
    "row": 1,
    "x": 30,
    "y": 10,
  },
  Object {
    "column": 4,
    "position": 14,
    "row": 1,
    "x": 40,
    "y": 10,
  },
  Object {
    "column": 5,
    "position": 15,
    "row": 1,
    "x": 50,
    "y": 10,
  },
  Object {
    "column": 6,
    "position": 16,
    "row": 1,
    "x": 60,
    "y": 10,
  },
  Object {
    "column": 7,
    "position": 17,
    "row": 1,
    "x": 70,
    "y": 10,
  },
  Object {
    "column": 8,
    "position": 18,
    "row": 1,
    "x": 80,
    "y": 10,
  },
  Object {
    "column": 9,
    "position": 19,
    "row": 1,
    "x": 90,
    "y": 10,
  },
  Object {
    "column": 0,
    "position": 0,
    "row": 0,
    "x": 0,
    "y": 0,
  },
  Object {
    "column": 1,
    "position": 1,
    "row": 0,
    "x": 10,
    "y": 0,
  },
  Object {
    "column": 2,
    "position": 2,
    "row": 0,
    "x": 20,
    "y": 0,
  },
  Object {
    "column": 3,
    "position": 3,
    "row": 0,
    "x": 30,
    "y": 0,
  },
  Object {
    "column": 4,
    "position": 4,
    "row": 0,
    "x": 40,
    "y": 0,
  },
  Object {
    "column": 5,
    "position": 5,
    "row": 0,
    "x": 50,
    "y": 0,
  },
  Object {
    "column": 6,
    "position": 6,
    "row": 0,
    "x": 60,
    "y": 0,
  },
  Object {
    "column": 7,
    "position": 7,
    "row": 0,
    "x": 70,
    "y": 0,
  },
  Object {
    "column": 8,
    "position": 8,
    "row": 0,
    "x": 80,
    "y": 0,
  },
  Object {
    "column": 9,
    "position": 9,
    "row": 0,
    "x": 90,
    "y": 0,
  },
]
`;

exports[`computeGrid should support bottom fill mode 1`] = `
Array [
  Object {
    "column": 0,
    "position": 90,
    "row": 9,
    "x": 0,
    "y": 90,
  },
  Object {
    "column": 1,
    "position": 91,
    "row": 9,
    "x": 10,
    "y": 90,
  },
  Object {
    "column": 2,
    "position": 92,
    "row": 9,
    "x": 20,
    "y": 90,
  },
  Object {
    "column": 3,
    "position": 93,
    "row": 9,
    "x": 30,
    "y": 90,
  },
  Object {
    "column": 4,
    "position": 94,
    "row": 9,
    "x": 40,
    "y": 90,
  },
  Object {
    "column": 5,
    "position": 95,
    "row": 9,
    "x": 50,
    "y": 90,
  },
  Object {
    "column": 6,
    "position": 96,
    "row": 9,
    "x": 60,
    "y": 90,
  },
  Object {
    "column": 7,
    "position": 97,
    "row": 9,
    "x": 70,
    "y": 90,
  },
  Object {
    "column": 8,
    "position": 98,
    "row": 9,
    "x": 80,
    "y": 90,
  },
  Object {
    "column": 9,
    "position": 99,
    "row": 9,
    "x": 90,
    "y": 90,
  },
  Object {
    "column": 0,
    "position": 80,
    "row": 8,
    "x": 0,
    "y": 80,
  },
  Object {
    "column": 1,
    "position": 81,
    "row": 8,
    "x": 10,
    "y": 80,
  },
  Object {
    "column": 2,
    "position": 82,
    "row": 8,
    "x": 20,
    "y": 80,
  },
  Object {
    "column": 3,
    "position": 83,
    "row": 8,
    "x": 30,
    "y": 80,
  },
  Object {
    "column": 4,
    "position": 84,
    "row": 8,
    "x": 40,
    "y": 80,
  },
  Object {
    "column": 5,
    "position": 85,
    "row": 8,
    "x": 50,
    "y": 80,
  },
  Object {
    "column": 6,
    "position": 86,
    "row": 8,
    "x": 60,
    "y": 80,
  },
  Object {
    "column": 7,
    "position": 87,
    "row": 8,
    "x": 70,
    "y": 80,
  },
  Object {
    "column": 8,
    "position": 88,
    "row": 8,
    "x": 80,
    "y": 80,
  },
  Object {
    "column": 9,
    "position": 89,
    "row": 8,
    "x": 90,
    "y": 80,
  },
  Object {
    "column": 0,
    "position": 70,
    "row": 7,
    "x": 0,
    "y": 70,
  },
  Object {
    "column": 1,
    "position": 71,
    "row": 7,
    "x": 10,
    "y": 70,
  },
  Object {
    "column": 2,
    "position": 72,
    "row": 7,
    "x": 20,
    "y": 70,
  },
  Object {
    "column": 3,
    "position": 73,
    "row": 7,
    "x": 30,
    "y": 70,
  },
  Object {
    "column": 4,
    "position": 74,
    "row": 7,
    "x": 40,
    "y": 70,
  },
  Object {
    "column": 5,
    "position": 75,
    "row": 7,
    "x": 50,
    "y": 70,
  },
  Object {
    "column": 6,
    "position": 76,
    "row": 7,
    "x": 60,
    "y": 70,
  },
  Object {
    "column": 7,
    "position": 77,
    "row": 7,
    "x": 70,
    "y": 70,
  },
  Object {
    "column": 8,
    "position": 78,
    "row": 7,
    "x": 80,
    "y": 70,
  },
  Object {
    "column": 9,
    "position": 79,
    "row": 7,
    "x": 90,
    "y": 70,
  },
  Object {
    "column": 0,
    "position": 60,
    "row": 6,
    "x": 0,
    "y": 60,
  },
  Object {
    "column": 1,
    "position": 61,
    "row": 6,
    "x": 10,
    "y": 60,
  },
  Object {
    "column": 2,
    "position": 62,
    "row": 6,
    "x": 20,
    "y": 60,
  },
  Object {
    "column": 3,
    "position": 63,
    "row": 6,
    "x": 30,
    "y": 60,
  },
  Object {
    "column": 4,
    "position": 64,
    "row": 6,
    "x": 40,
    "y": 60,
  },
  Object {
    "column": 5,
    "position": 65,
    "row": 6,
    "x": 50,
    "y": 60,
  },
  Object {
    "column": 6,
    "position": 66,
    "row": 6,
    "x": 60,
    "y": 60,
  },
  Object {
    "column": 7,
    "position": 67,
    "row": 6,
    "x": 70,
    "y": 60,
  },
  Object {
    "column": 8,
    "position": 68,
    "row": 6,
    "x": 80,
    "y": 60,
  },
  Object {
    "column": 9,
    "position": 69,
    "row": 6,
    "x": 90,
    "y": 60,
  },
  Object {
    "column": 0,
    "position": 50,
    "row": 5,
    "x": 0,
    "y": 50,
  },
  Object {
    "column": 1,
    "position": 51,
    "row": 5,
    "x": 10,
    "y": 50,
  },
  Object {
    "column": 2,
    "position": 52,
    "row": 5,
    "x": 20,
    "y": 50,
  },
  Object {
    "column": 3,
    "position": 53,
    "row": 5,
    "x": 30,
    "y": 50,
  },
  Object {
    "column": 4,
    "position": 54,
    "row": 5,
    "x": 40,
    "y": 50,
  },
  Object {
    "column": 5,
    "position": 55,
    "row": 5,
    "x": 50,
    "y": 50,
  },
  Object {
    "column": 6,
    "position": 56,
    "row": 5,
    "x": 60,
    "y": 50,
  },
  Object {
    "column": 7,
    "position": 57,
    "row": 5,
    "x": 70,
    "y": 50,
  },
  Object {
    "column": 8,
    "position": 58,
    "row": 5,
    "x": 80,
    "y": 50,
  },
  Object {
    "column": 9,
    "position": 59,
    "row": 5,
    "x": 90,
    "y": 50,
  },
  Object {
    "column": 0,
    "position": 40,
    "row": 4,
    "x": 0,
    "y": 40,
  },
  Object {
    "column": 1,
    "position": 41,
    "row": 4,
    "x": 10,
    "y": 40,
  },
  Object {
    "column": 2,
    "position": 42,
    "row": 4,
    "x": 20,
    "y": 40,
  },
  Object {
    "column": 3,
    "position": 43,
    "row": 4,
    "x": 30,
    "y": 40,
  },
  Object {
    "column": 4,
    "position": 44,
    "row": 4,
    "x": 40,
    "y": 40,
  },
  Object {
    "column": 5,
    "position": 45,
    "row": 4,
    "x": 50,
    "y": 40,
  },
  Object {
    "column": 6,
    "position": 46,
    "row": 4,
    "x": 60,
    "y": 40,
  },
  Object {
    "column": 7,
    "position": 47,
    "row": 4,
    "x": 70,
    "y": 40,
  },
  Object {
    "column": 8,
    "position": 48,
    "row": 4,
    "x": 80,
    "y": 40,
  },
  Object {
    "column": 9,
    "position": 49,
    "row": 4,
    "x": 90,
    "y": 40,
  },
  Object {
    "column": 0,
    "position": 30,
    "row": 3,
    "x": 0,
    "y": 30,
  },
  Object {
    "column": 1,
    "position": 31,
    "row": 3,
    "x": 10,
    "y": 30,
  },
  Object {
    "column": 2,
    "position": 32,
    "row": 3,
    "x": 20,
    "y": 30,
  },
  Object {
    "column": 3,
    "position": 33,
    "row": 3,
    "x": 30,
    "y": 30,
  },
  Object {
    "column": 4,
    "position": 34,
    "row": 3,
    "x": 40,
    "y": 30,
  },
  Object {
    "column": 5,
    "position": 35,
    "row": 3,
    "x": 50,
    "y": 30,
  },
  Object {
    "column": 6,
    "position": 36,
    "row": 3,
    "x": 60,
    "y": 30,
  },
  Object {
    "column": 7,
    "position": 37,
    "row": 3,
    "x": 70,
    "y": 30,
  },
  Object {
    "column": 8,
    "position": 38,
    "row": 3,
    "x": 80,
    "y": 30,
  },
  Object {
    "column": 9,
    "position": 39,
    "row": 3,
    "x": 90,
    "y": 30,
  },
  Object {
    "column": 0,
    "position": 20,
    "row": 2,
    "x": 0,
    "y": 20,
  },
  Object {
    "column": 1,
    "position": 21,
    "row": 2,
    "x": 10,
    "y": 20,
  },
  Object {
    "column": 2,
    "position": 22,
    "row": 2,
    "x": 20,
    "y": 20,
  },
  Object {
    "column": 3,
    "position": 23,
    "row": 2,
    "x": 30,
    "y": 20,
  },
  Object {
    "column": 4,
    "position": 24,
    "row": 2,
    "x": 40,
    "y": 20,
  },
  Object {
    "column": 5,
    "position": 25,
    "row": 2,
    "x": 50,
    "y": 20,
  },
  Object {
    "column": 6,
    "position": 26,
    "row": 2,
    "x": 60,
    "y": 20,
  },
  Object {
    "column": 7,
    "position": 27,
    "row": 2,
    "x": 70,
    "y": 20,
  },
  Object {
    "column": 8,
    "position": 28,
    "row": 2,
    "x": 80,
    "y": 20,
  },
  Object {
    "column": 9,
    "position": 29,
    "row": 2,
    "x": 90,
    "y": 20,
  },
  Object {
    "column": 0,
    "position": 10,
    "row": 1,
    "x": 0,
    "y": 10,
  },
  Object {
    "column": 1,
    "position": 11,
    "row": 1,
    "x": 10,
    "y": 10,
  },
  Object {
    "column": 2,
    "position": 12,
    "row": 1,
    "x": 20,
    "y": 10,
  },
  Object {
    "column": 3,
    "position": 13,
    "row": 1,
    "x": 30,
    "y": 10,
  },
  Object {
    "column": 4,
    "position": 14,
    "row": 1,
    "x": 40,
    "y": 10,
  },
  Object {
    "column": 5,
    "position": 15,
    "row": 1,
    "x": 50,
    "y": 10,
  },
  Object {
    "column": 6,
    "position": 16,
    "row": 1,
    "x": 60,
    "y": 10,
  },
  Object {
    "column": 7,
    "position": 17,
    "row": 1,
    "x": 70,
    "y": 10,
  },
  Object {
    "column": 8,
    "position": 18,
    "row": 1,
    "x": 80,
    "y": 10,
  },
  Object {
    "column": 9,
    "position": 19,
    "row": 1,
    "x": 90,
    "y": 10,
  },
  Object {
    "column": 0,
    "position": 0,
    "row": 0,
    "x": 0,
    "y": 0,
  },
  Object {
    "column": 1,
    "position": 1,
    "row": 0,
    "x": 10,
    "y": 0,
  },
  Object {
    "column": 2,
    "position": 2,
    "row": 0,
    "x": 20,
    "y": 0,
  },
  Object {
    "column": 3,
    "position": 3,
    "row": 0,
    "x": 30,
    "y": 0,
  },
  Object {
    "column": 4,
    "position": 4,
    "row": 0,
    "x": 40,
    "y": 0,
  },
  Object {
    "column": 5,
    "position": 5,
    "row": 0,
    "x": 50,
    "y": 0,
  },
  Object {
    "column": 6,
    "position": 6,
    "row": 0,
    "x": 60,
    "y": 0,
  },
  Object {
    "column": 7,
    "position": 7,
    "row": 0,
    "x": 70,
    "y": 0,
  },
  Object {
    "column": 8,
    "position": 8,
    "row": 0,
    "x": 80,
    "y": 0,
  },
  Object {
    "column": 9,
    "position": 9,
    "row": 0,
    "x": 90,
    "y": 0,
  },
]
`;

exports[`computeGrid should support left fill mode 1`] = `
Array [
  Object {
    "column": 0,
    "position": 0,
    "row": 0,
    "x": 0,
    "y": 0,
  },
  Object {
    "column": 0,
    "position": 10,
    "row": 1,
    "x": 0,
    "y": 10,
  },
  Object {
    "column": 0,
    "position": 20,
    "row": 2,
    "x": 0,
    "y": 20,
  },
  Object {
    "column": 0,
    "position": 30,
    "row": 3,
    "x": 0,
    "y": 30,
  },
  Object {
    "column": 0,
    "position": 40,
    "row": 4,
    "x": 0,
    "y": 40,
  },
  Object {
    "column": 0,
    "position": 50,
    "row": 5,
    "x": 0,
    "y": 50,
  },
  Object {
    "column": 0,
    "position": 60,
    "row": 6,
    "x": 0,
    "y": 60,
  },
  Object {
    "column": 0,
    "position": 70,
    "row": 7,
    "x": 0,
    "y": 70,
  },
  Object {
    "column": 0,
    "position": 80,
    "row": 8,
    "x": 0,
    "y": 80,
  },
  Object {
    "column": 0,
    "position": 90,
    "row": 9,
    "x": 0,
    "y": 90,
  },
  Object {
    "column": 1,
    "position": 1,
    "row": 0,
    "x": 10,
    "y": 0,
  },
  Object {
    "column": 1,
    "position": 11,
    "row": 1,
    "x": 10,
    "y": 10,
  },
  Object {
    "column": 1,
    "position": 21,
    "row": 2,
    "x": 10,
    "y": 20,
  },
  Object {
    "column": 1,
    "position": 31,
    "row": 3,
    "x": 10,
    "y": 30,
  },
  Object {
    "column": 1,
    "position": 41,
    "row": 4,
    "x": 10,
    "y": 40,
  },
  Object {
    "column": 1,
    "position": 51,
    "row": 5,
    "x": 10,
    "y": 50,
  },
  Object {
    "column": 1,
    "position": 61,
    "row": 6,
    "x": 10,
    "y": 60,
  },
  Object {
    "column": 1,
    "position": 71,
    "row": 7,
    "x": 10,
    "y": 70,
  },
  Object {
    "column": 1,
    "position": 81,
    "row": 8,
    "x": 10,
    "y": 80,
  },
  Object {
    "column": 1,
    "position": 91,
    "row": 9,
    "x": 10,
    "y": 90,
  },
  Object {
    "column": 2,
    "position": 2,
    "row": 0,
    "x": 20,
    "y": 0,
  },
  Object {
    "column": 2,
    "position": 12,
    "row": 1,
    "x": 20,
    "y": 10,
  },
  Object {
    "column": 2,
    "position": 22,
    "row": 2,
    "x": 20,
    "y": 20,
  },
  Object {
    "column": 2,
    "position": 32,
    "row": 3,
    "x": 20,
    "y": 30,
  },
  Object {
    "column": 2,
    "position": 42,
    "row": 4,
    "x": 20,
    "y": 40,
  },
  Object {
    "column": 2,
    "position": 52,
    "row": 5,
    "x": 20,
    "y": 50,
  },
  Object {
    "column": 2,
    "position": 62,
    "row": 6,
    "x": 20,
    "y": 60,
  },
  Object {
    "column": 2,
    "position": 72,
    "row": 7,
    "x": 20,
    "y": 70,
  },
  Object {
    "column": 2,
    "position": 82,
    "row": 8,
    "x": 20,
    "y": 80,
  },
  Object {
    "column": 2,
    "position": 92,
    "row": 9,
    "x": 20,
    "y": 90,
  },
  Object {
    "column": 3,
    "position": 3,
    "row": 0,
    "x": 30,
    "y": 0,
  },
  Object {
    "column": 3,
    "position": 13,
    "row": 1,
    "x": 30,
    "y": 10,
  },
  Object {
    "column": 3,
    "position": 23,
    "row": 2,
    "x": 30,
    "y": 20,
  },
  Object {
    "column": 3,
    "position": 33,
    "row": 3,
    "x": 30,
    "y": 30,
  },
  Object {
    "column": 3,
    "position": 43,
    "row": 4,
    "x": 30,
    "y": 40,
  },
  Object {
    "column": 3,
    "position": 53,
    "row": 5,
    "x": 30,
    "y": 50,
  },
  Object {
    "column": 3,
    "position": 63,
    "row": 6,
    "x": 30,
    "y": 60,
  },
  Object {
    "column": 3,
    "position": 73,
    "row": 7,
    "x": 30,
    "y": 70,
  },
  Object {
    "column": 3,
    "position": 83,
    "row": 8,
    "x": 30,
    "y": 80,
  },
  Object {
    "column": 3,
    "position": 93,
    "row": 9,
    "x": 30,
    "y": 90,
  },
  Object {
    "column": 4,
    "position": 4,
    "row": 0,
    "x": 40,
    "y": 0,
  },
  Object {
    "column": 4,
    "position": 14,
    "row": 1,
    "x": 40,
    "y": 10,
  },
  Object {
    "column": 4,
    "position": 24,
    "row": 2,
    "x": 40,
    "y": 20,
  },
  Object {
    "column": 4,
    "position": 34,
    "row": 3,
    "x": 40,
    "y": 30,
  },
  Object {
    "column": 4,
    "position": 44,
    "row": 4,
    "x": 40,
    "y": 40,
  },
  Object {
    "column": 4,
    "position": 54,
    "row": 5,
    "x": 40,
    "y": 50,
  },
  Object {
    "column": 4,
    "position": 64,
    "row": 6,
    "x": 40,
    "y": 60,
  },
  Object {
    "column": 4,
    "position": 74,
    "row": 7,
    "x": 40,
    "y": 70,
  },
  Object {
    "column": 4,
    "position": 84,
    "row": 8,
    "x": 40,
    "y": 80,
  },
  Object {
    "column": 4,
    "position": 94,
    "row": 9,
    "x": 40,
    "y": 90,
  },
  Object {
    "column": 5,
    "position": 5,
    "row": 0,
    "x": 50,
    "y": 0,
  },
  Object {
    "column": 5,
    "position": 15,
    "row": 1,
    "x": 50,
    "y": 10,
  },
  Object {
    "column": 5,
    "position": 25,
    "row": 2,
    "x": 50,
    "y": 20,
  },
  Object {
    "column": 5,
    "position": 35,
    "row": 3,
    "x": 50,
    "y": 30,
  },
  Object {
    "column": 5,
    "position": 45,
    "row": 4,
    "x": 50,
    "y": 40,
  },
  Object {
    "column": 5,
    "position": 55,
    "row": 5,
    "x": 50,
    "y": 50,
  },
  Object {
    "column": 5,
    "position": 65,
    "row": 6,
    "x": 50,
    "y": 60,
  },
  Object {
    "column": 5,
    "position": 75,
    "row": 7,
    "x": 50,
    "y": 70,
  },
  Object {
    "column": 5,
    "position": 85,
    "row": 8,
    "x": 50,
    "y": 80,
  },
  Object {
    "column": 5,
    "position": 95,
    "row": 9,
    "x": 50,
    "y": 90,
  },
  Object {
    "column": 6,
    "position": 6,
    "row": 0,
    "x": 60,
    "y": 0,
  },
  Object {
    "column": 6,
    "position": 16,
    "row": 1,
    "x": 60,
    "y": 10,
  },
  Object {
    "column": 6,
    "position": 26,
    "row": 2,
    "x": 60,
    "y": 20,
  },
  Object {
    "column": 6,
    "position": 36,
    "row": 3,
    "x": 60,
    "y": 30,
  },
  Object {
    "column": 6,
    "position": 46,
    "row": 4,
    "x": 60,
    "y": 40,
  },
  Object {
    "column": 6,
    "position": 56,
    "row": 5,
    "x": 60,
    "y": 50,
  },
  Object {
    "column": 6,
    "position": 66,
    "row": 6,
    "x": 60,
    "y": 60,
  },
  Object {
    "column": 6,
    "position": 76,
    "row": 7,
    "x": 60,
    "y": 70,
  },
  Object {
    "column": 6,
    "position": 86,
    "row": 8,
    "x": 60,
    "y": 80,
  },
  Object {
    "column": 6,
    "position": 96,
    "row": 9,
    "x": 60,
    "y": 90,
  },
  Object {
    "column": 7,
    "position": 7,
    "row": 0,
    "x": 70,
    "y": 0,
  },
  Object {
    "column": 7,
    "position": 17,
    "row": 1,
    "x": 70,
    "y": 10,
  },
  Object {
    "column": 7,
    "position": 27,
    "row": 2,
    "x": 70,
    "y": 20,
  },
  Object {
    "column": 7,
    "position": 37,
    "row": 3,
    "x": 70,
    "y": 30,
  },
  Object {
    "column": 7,
    "position": 47,
    "row": 4,
    "x": 70,
    "y": 40,
  },
  Object {
    "column": 7,
    "position": 57,
    "row": 5,
    "x": 70,
    "y": 50,
  },
  Object {
    "column": 7,
    "position": 67,
    "row": 6,
    "x": 70,
    "y": 60,
  },
  Object {
    "column": 7,
    "position": 77,
    "row": 7,
    "x": 70,
    "y": 70,
  },
  Object {
    "column": 7,
    "position": 87,
    "row": 8,
    "x": 70,
    "y": 80,
  },
  Object {
    "column": 7,
    "position": 97,
    "row": 9,
    "x": 70,
    "y": 90,
  },
  Object {
    "column": 8,
    "position": 8,
    "row": 0,
    "x": 80,
    "y": 0,
  },
  Object {
    "column": 8,
    "position": 18,
    "row": 1,
    "x": 80,
    "y": 10,
  },
  Object {
    "column": 8,
    "position": 28,
    "row": 2,
    "x": 80,
    "y": 20,
  },
  Object {
    "column": 8,
    "position": 38,
    "row": 3,
    "x": 80,
    "y": 30,
  },
  Object {
    "column": 8,
    "position": 48,
    "row": 4,
    "x": 80,
    "y": 40,
  },
  Object {
    "column": 8,
    "position": 58,
    "row": 5,
    "x": 80,
    "y": 50,
  },
  Object {
    "column": 8,
    "position": 68,
    "row": 6,
    "x": 80,
    "y": 60,
  },
  Object {
    "column": 8,
    "position": 78,
    "row": 7,
    "x": 80,
    "y": 70,
  },
  Object {
    "column": 8,
    "position": 88,
    "row": 8,
    "x": 80,
    "y": 80,
  },
  Object {
    "column": 8,
    "position": 98,
    "row": 9,
    "x": 80,
    "y": 90,
  },
  Object {
    "column": 9,
    "position": 9,
    "row": 0,
    "x": 90,
    "y": 0,
  },
  Object {
    "column": 9,
    "position": 19,
    "row": 1,
    "x": 90,
    "y": 10,
  },
  Object {
    "column": 9,
    "position": 29,
    "row": 2,
    "x": 90,
    "y": 20,
  },
  Object {
    "column": 9,
    "position": 39,
    "row": 3,
    "x": 90,
    "y": 30,
  },
  Object {
    "column": 9,
    "position": 49,
    "row": 4,
    "x": 90,
    "y": 40,
  },
  Object {
    "column": 9,
    "position": 59,
    "row": 5,
    "x": 90,
    "y": 50,
  },
  Object {
    "column": 9,
    "position": 69,
    "row": 6,
    "x": 90,
    "y": 60,
  },
  Object {
    "column": 9,
    "position": 79,
    "row": 7,
    "x": 90,
    "y": 70,
  },
  Object {
    "column": 9,
    "position": 89,
    "row": 8,
    "x": 90,
    "y": 80,
  },
  Object {
    "column": 9,
    "position": 99,
    "row": 9,
    "x": 90,
    "y": 90,
  },
]
`;

exports[`computeGrid should support padding 1`] = `
Array [
  Object {
    "column": 0,
    "position": 90,
    "row": 9,
    "x": 0,
    "y": 90.89999999999999,
  },
  Object {
    "column": 1,
    "position": 91,
    "row": 9,
    "x": 10.1,
    "y": 90.89999999999999,
  },
  Object {
    "column": 2,
    "position": 92,
    "row": 9,
    "x": 20.2,
    "y": 90.89999999999999,
  },
  Object {
    "column": 3,
    "position": 93,
    "row": 9,
    "x": 30.299999999999997,
    "y": 90.89999999999999,
  },
  Object {
    "column": 4,
    "position": 94,
    "row": 9,
    "x": 40.4,
    "y": 90.89999999999999,
  },
  Object {
    "column": 5,
    "position": 95,
    "row": 9,
    "x": 50.5,
    "y": 90.89999999999999,
  },
  Object {
    "column": 6,
    "position": 96,
    "row": 9,
    "x": 60.599999999999994,
    "y": 90.89999999999999,
  },
  Object {
    "column": 7,
    "position": 97,
    "row": 9,
    "x": 70.7,
    "y": 90.89999999999999,
  },
  Object {
    "column": 8,
    "position": 98,
    "row": 9,
    "x": 80.8,
    "y": 90.89999999999999,
  },
  Object {
    "column": 9,
    "position": 99,
    "row": 9,
    "x": 90.89999999999999,
    "y": 90.89999999999999,
  },
  Object {
    "column": 0,
    "position": 80,
    "row": 8,
    "x": 0,
    "y": 80.8,
  },
  Object {
    "column": 1,
    "position": 81,
    "row": 8,
    "x": 10.1,
    "y": 80.8,
  },
  Object {
    "column": 2,
    "position": 82,
    "row": 8,
    "x": 20.2,
    "y": 80.8,
  },
  Object {
    "column": 3,
    "position": 83,
    "row": 8,
    "x": 30.299999999999997,
    "y": 80.8,
  },
  Object {
    "column": 4,
    "position": 84,
    "row": 8,
    "x": 40.4,
    "y": 80.8,
  },
  Object {
    "column": 5,
    "position": 85,
    "row": 8,
    "x": 50.5,
    "y": 80.8,
  },
  Object {
    "column": 6,
    "position": 86,
    "row": 8,
    "x": 60.599999999999994,
    "y": 80.8,
  },
  Object {
    "column": 7,
    "position": 87,
    "row": 8,
    "x": 70.7,
    "y": 80.8,
  },
  Object {
    "column": 8,
    "position": 88,
    "row": 8,
    "x": 80.8,
    "y": 80.8,
  },
  Object {
    "column": 9,
    "position": 89,
    "row": 8,
    "x": 90.89999999999999,
    "y": 80.8,
  },
  Object {
    "column": 0,
    "position": 70,
    "row": 7,
    "x": 0,
    "y": 70.7,
  },
  Object {
    "column": 1,
    "position": 71,
    "row": 7,
    "x": 10.1,
    "y": 70.7,
  },
  Object {
    "column": 2,
    "position": 72,
    "row": 7,
    "x": 20.2,
    "y": 70.7,
  },
  Object {
    "column": 3,
    "position": 73,
    "row": 7,
    "x": 30.299999999999997,
    "y": 70.7,
  },
  Object {
    "column": 4,
    "position": 74,
    "row": 7,
    "x": 40.4,
    "y": 70.7,
  },
  Object {
    "column": 5,
    "position": 75,
    "row": 7,
    "x": 50.5,
    "y": 70.7,
  },
  Object {
    "column": 6,
    "position": 76,
    "row": 7,
    "x": 60.599999999999994,
    "y": 70.7,
  },
  Object {
    "column": 7,
    "position": 77,
    "row": 7,
    "x": 70.7,
    "y": 70.7,
  },
  Object {
    "column": 8,
    "position": 78,
    "row": 7,
    "x": 80.8,
    "y": 70.7,
  },
  Object {
    "column": 9,
    "position": 79,
    "row": 7,
    "x": 90.89999999999999,
    "y": 70.7,
  },
  Object {
    "column": 0,
    "position": 60,
    "row": 6,
    "x": 0,
    "y": 60.599999999999994,
  },
  Object {
    "column": 1,
    "position": 61,
    "row": 6,
    "x": 10.1,
    "y": 60.599999999999994,
  },
  Object {
    "column": 2,
    "position": 62,
    "row": 6,
    "x": 20.2,
    "y": 60.599999999999994,
  },
  Object {
    "column": 3,
    "position": 63,
    "row": 6,
    "x": 30.299999999999997,
    "y": 60.599999999999994,
  },
  Object {
    "column": 4,
    "position": 64,
    "row": 6,
    "x": 40.4,
    "y": 60.599999999999994,
  },
  Object {
    "column": 5,
    "position": 65,
    "row": 6,
    "x": 50.5,
    "y": 60.599999999999994,
  },
  Object {
    "column": 6,
    "position": 66,
    "row": 6,
    "x": 60.599999999999994,
    "y": 60.599999999999994,
  },
  Object {
    "column": 7,
    "position": 67,
    "row": 6,
    "x": 70.7,
    "y": 60.599999999999994,
  },
  Object {
    "column": 8,
    "position": 68,
    "row": 6,
    "x": 80.8,
    "y": 60.599999999999994,
  },
  Object {
    "column": 9,
    "position": 69,
    "row": 6,
    "x": 90.89999999999999,
    "y": 60.599999999999994,
  },
  Object {
    "column": 0,
    "position": 50,
    "row": 5,
    "x": 0,
    "y": 50.5,
  },
  Object {
    "column": 1,
    "position": 51,
    "row": 5,
    "x": 10.1,
    "y": 50.5,
  },
  Object {
    "column": 2,
    "position": 52,
    "row": 5,
    "x": 20.2,
    "y": 50.5,
  },
  Object {
    "column": 3,
    "position": 53,
    "row": 5,
    "x": 30.299999999999997,
    "y": 50.5,
  },
  Object {
    "column": 4,
    "position": 54,
    "row": 5,
    "x": 40.4,
    "y": 50.5,
  },
  Object {
    "column": 5,
    "position": 55,
    "row": 5,
    "x": 50.5,
    "y": 50.5,
  },
  Object {
    "column": 6,
    "position": 56,
    "row": 5,
    "x": 60.599999999999994,
    "y": 50.5,
  },
  Object {
    "column": 7,
    "position": 57,
    "row": 5,
    "x": 70.7,
    "y": 50.5,
  },
  Object {
    "column": 8,
    "position": 58,
    "row": 5,
    "x": 80.8,
    "y": 50.5,
  },
  Object {
    "column": 9,
    "position": 59,
    "row": 5,
    "x": 90.89999999999999,
    "y": 50.5,
  },
  Object {
    "column": 0,
    "position": 40,
    "row": 4,
    "x": 0,
    "y": 40.4,
  },
  Object {
    "column": 1,
    "position": 41,
    "row": 4,
    "x": 10.1,
    "y": 40.4,
  },
  Object {
    "column": 2,
    "position": 42,
    "row": 4,
    "x": 20.2,
    "y": 40.4,
  },
  Object {
    "column": 3,
    "position": 43,
    "row": 4,
    "x": 30.299999999999997,
    "y": 40.4,
  },
  Object {
    "column": 4,
    "position": 44,
    "row": 4,
    "x": 40.4,
    "y": 40.4,
  },
  Object {
    "column": 5,
    "position": 45,
    "row": 4,
    "x": 50.5,
    "y": 40.4,
  },
  Object {
    "column": 6,
    "position": 46,
    "row": 4,
    "x": 60.599999999999994,
    "y": 40.4,
  },
  Object {
    "column": 7,
    "position": 47,
    "row": 4,
    "x": 70.7,
    "y": 40.4,
  },
  Object {
    "column": 8,
    "position": 48,
    "row": 4,
    "x": 80.8,
    "y": 40.4,
  },
  Object {
    "column": 9,
    "position": 49,
    "row": 4,
    "x": 90.89999999999999,
    "y": 40.4,
  },
  Object {
    "column": 0,
    "position": 30,
    "row": 3,
    "x": 0,
    "y": 30.299999999999997,
  },
  Object {
    "column": 1,
    "position": 31,
    "row": 3,
    "x": 10.1,
    "y": 30.299999999999997,
  },
  Object {
    "column": 2,
    "position": 32,
    "row": 3,
    "x": 20.2,
    "y": 30.299999999999997,
  },
  Object {
    "column": 3,
    "position": 33,
    "row": 3,
    "x": 30.299999999999997,
    "y": 30.299999999999997,
  },
  Object {
    "column": 4,
    "position": 34,
    "row": 3,
    "x": 40.4,
    "y": 30.299999999999997,
  },
  Object {
    "column": 5,
    "position": 35,
    "row": 3,
    "x": 50.5,
    "y": 30.299999999999997,
  },
  Object {
    "column": 6,
    "position": 36,
    "row": 3,
    "x": 60.599999999999994,
    "y": 30.299999999999997,
  },
  Object {
    "column": 7,
    "position": 37,
    "row": 3,
    "x": 70.7,
    "y": 30.299999999999997,
  },
  Object {
    "column": 8,
    "position": 38,
    "row": 3,
    "x": 80.8,
    "y": 30.299999999999997,
  },
  Object {
    "column": 9,
    "position": 39,
    "row": 3,
    "x": 90.89999999999999,
    "y": 30.299999999999997,
  },
  Object {
    "column": 0,
    "position": 20,
    "row": 2,
    "x": 0,
    "y": 20.2,
  },
  Object {
    "column": 1,
    "position": 21,
    "row": 2,
    "x": 10.1,
    "y": 20.2,
  },
  Object {
    "column": 2,
    "position": 22,
    "row": 2,
    "x": 20.2,
    "y": 20.2,
  },
  Object {
    "column": 3,
    "position": 23,
    "row": 2,
    "x": 30.299999999999997,
    "y": 20.2,
  },
  Object {
    "column": 4,
    "position": 24,
    "row": 2,
    "x": 40.4,
    "y": 20.2,
  },
  Object {
    "column": 5,
    "position": 25,
    "row": 2,
    "x": 50.5,
    "y": 20.2,
  },
  Object {
    "column": 6,
    "position": 26,
    "row": 2,
    "x": 60.599999999999994,
    "y": 20.2,
  },
  Object {
    "column": 7,
    "position": 27,
    "row": 2,
    "x": 70.7,
    "y": 20.2,
  },
  Object {
    "column": 8,
    "position": 28,
    "row": 2,
    "x": 80.8,
    "y": 20.2,
  },
  Object {
    "column": 9,
    "position": 29,
    "row": 2,
    "x": 90.89999999999999,
    "y": 20.2,
  },
  Object {
    "column": 0,
    "position": 10,
    "row": 1,
    "x": 0,
    "y": 10.1,
  },
  Object {
    "column": 1,
    "position": 11,
    "row": 1,
    "x": 10.1,
    "y": 10.1,
  },
  Object {
    "column": 2,
    "position": 12,
    "row": 1,
    "x": 20.2,
    "y": 10.1,
  },
  Object {
    "column": 3,
    "position": 13,
    "row": 1,
    "x": 30.299999999999997,
    "y": 10.1,
  },
  Object {
    "column": 4,
    "position": 14,
    "row": 1,
    "x": 40.4,
    "y": 10.1,
  },
  Object {
    "column": 5,
    "position": 15,
    "row": 1,
    "x": 50.5,
    "y": 10.1,
  },
  Object {
    "column": 6,
    "position": 16,
    "row": 1,
    "x": 60.599999999999994,
    "y": 10.1,
  },
  Object {
    "column": 7,
    "position": 17,
    "row": 1,
    "x": 70.7,
    "y": 10.1,
  },
  Object {
    "column": 8,
    "position": 18,
    "row": 1,
    "x": 80.8,
    "y": 10.1,
  },
  Object {
    "column": 9,
    "position": 19,
    "row": 1,
    "x": 90.89999999999999,
    "y": 10.1,
  },
  Object {
    "column": 0,
    "position": 0,
    "row": 0,
    "x": 0,
    "y": 0,
  },
  Object {
    "column": 1,
    "position": 1,
    "row": 0,
    "x": 10.1,
    "y": 0,
  },
  Object {
    "column": 2,
    "position": 2,
    "row": 0,
    "x": 20.2,
    "y": 0,
  },
  Object {
    "column": 3,
    "position": 3,
    "row": 0,
    "x": 30.299999999999997,
    "y": 0,
  },
  Object {
    "column": 4,
    "position": 4,
    "row": 0,
    "x": 40.4,
    "y": 0,
  },
  Object {
    "column": 5,
    "position": 5,
    "row": 0,
    "x": 50.5,
    "y": 0,
  },
  Object {
    "column": 6,
    "position": 6,
    "row": 0,
    "x": 60.599999999999994,
    "y": 0,
  },
  Object {
    "column": 7,
    "position": 7,
    "row": 0,
    "x": 70.7,
    "y": 0,
  },
  Object {
    "column": 8,
    "position": 8,
    "row": 0,
    "x": 80.8,
    "y": 0,
  },
  Object {
    "column": 9,
    "position": 9,
    "row": 0,
    "x": 90.89999999999999,
    "y": 0,
  },
]
`;

exports[`computeGrid should support right fill mode 1`] = `
Array [
  Object {
    "column": 9,
    "position": 99,
    "row": 9,
    "x": 90,
    "y": 90,
  },
  Object {
    "column": 9,
    "position": 89,
    "row": 8,
    "x": 90,
    "y": 80,
  },
  Object {
    "column": 9,
    "position": 79,
    "row": 7,
    "x": 90,
    "y": 70,
  },
  Object {
    "column": 9,
    "position": 69,
    "row": 6,
    "x": 90,
    "y": 60,
  },
  Object {
    "column": 9,
    "position": 59,
    "row": 5,
    "x": 90,
    "y": 50,
  },
  Object {
    "column": 9,
    "position": 49,
    "row": 4,
    "x": 90,
    "y": 40,
  },
  Object {
    "column": 9,
    "position": 39,
    "row": 3,
    "x": 90,
    "y": 30,
  },
  Object {
    "column": 9,
    "position": 29,
    "row": 2,
    "x": 90,
    "y": 20,
  },
  Object {
    "column": 9,
    "position": 19,
    "row": 1,
    "x": 90,
    "y": 10,
  },
  Object {
    "column": 9,
    "position": 9,
    "row": 0,
    "x": 90,
    "y": 0,
  },
  Object {
    "column": 8,
    "position": 98,
    "row": 9,
    "x": 80,
    "y": 90,
  },
  Object {
    "column": 8,
    "position": 88,
    "row": 8,
    "x": 80,
    "y": 80,
  },
  Object {
    "column": 8,
    "position": 78,
    "row": 7,
    "x": 80,
    "y": 70,
  },
  Object {
    "column": 8,
    "position": 68,
    "row": 6,
    "x": 80,
    "y": 60,
  },
  Object {
    "column": 8,
    "position": 58,
    "row": 5,
    "x": 80,
    "y": 50,
  },
  Object {
    "column": 8,
    "position": 48,
    "row": 4,
    "x": 80,
    "y": 40,
  },
  Object {
    "column": 8,
    "position": 38,
    "row": 3,
    "x": 80,
    "y": 30,
  },
  Object {
    "column": 8,
    "position": 28,
    "row": 2,
    "x": 80,
    "y": 20,
  },
  Object {
    "column": 8,
    "position": 18,
    "row": 1,
    "x": 80,
    "y": 10,
  },
  Object {
    "column": 8,
    "position": 8,
    "row": 0,
    "x": 80,
    "y": 0,
  },
  Object {
    "column": 7,
    "position": 97,
    "row": 9,
    "x": 70,
    "y": 90,
  },
  Object {
    "column": 7,
    "position": 87,
    "row": 8,
    "x": 70,
    "y": 80,
  },
  Object {
    "column": 7,
    "position": 77,
    "row": 7,
    "x": 70,
    "y": 70,
  },
  Object {
    "column": 7,
    "position": 67,
    "row": 6,
    "x": 70,
    "y": 60,
  },
  Object {
    "column": 7,
    "position": 57,
    "row": 5,
    "x": 70,
    "y": 50,
  },
  Object {
    "column": 7,
    "position": 47,
    "row": 4,
    "x": 70,
    "y": 40,
  },
  Object {
    "column": 7,
    "position": 37,
    "row": 3,
    "x": 70,
    "y": 30,
  },
  Object {
    "column": 7,
    "position": 27,
    "row": 2,
    "x": 70,
    "y": 20,
  },
  Object {
    "column": 7,
    "position": 17,
    "row": 1,
    "x": 70,
    "y": 10,
  },
  Object {
    "column": 7,
    "position": 7,
    "row": 0,
    "x": 70,
    "y": 0,
  },
  Object {
    "column": 6,
    "position": 96,
    "row": 9,
    "x": 60,
    "y": 90,
  },
  Object {
    "column": 6,
    "position": 86,
    "row": 8,
    "x": 60,
    "y": 80,
  },
  Object {
    "column": 6,
    "position": 76,
    "row": 7,
    "x": 60,
    "y": 70,
  },
  Object {
    "column": 6,
    "position": 66,
    "row": 6,
    "x": 60,
    "y": 60,
  },
  Object {
    "column": 6,
    "position": 56,
    "row": 5,
    "x": 60,
    "y": 50,
  },
  Object {
    "column": 6,
    "position": 46,
    "row": 4,
    "x": 60,
    "y": 40,
  },
  Object {
    "column": 6,
    "position": 36,
    "row": 3,
    "x": 60,
    "y": 30,
  },
  Object {
    "column": 6,
    "position": 26,
    "row": 2,
    "x": 60,
    "y": 20,
  },
  Object {
    "column": 6,
    "position": 16,
    "row": 1,
    "x": 60,
    "y": 10,
  },
  Object {
    "column": 6,
    "position": 6,
    "row": 0,
    "x": 60,
    "y": 0,
  },
  Object {
    "column": 5,
    "position": 95,
    "row": 9,
    "x": 50,
    "y": 90,
  },
  Object {
    "column": 5,
    "position": 85,
    "row": 8,
    "x": 50,
    "y": 80,
  },
  Object {
    "column": 5,
    "position": 75,
    "row": 7,
    "x": 50,
    "y": 70,
  },
  Object {
    "column": 5,
    "position": 65,
    "row": 6,
    "x": 50,
    "y": 60,
  },
  Object {
    "column": 5,
    "position": 55,
    "row": 5,
    "x": 50,
    "y": 50,
  },
  Object {
    "column": 5,
    "position": 45,
    "row": 4,
    "x": 50,
    "y": 40,
  },
  Object {
    "column": 5,
    "position": 35,
    "row": 3,
    "x": 50,
    "y": 30,
  },
  Object {
    "column": 5,
    "position": 25,
    "row": 2,
    "x": 50,
    "y": 20,
  },
  Object {
    "column": 5,
    "position": 15,
    "row": 1,
    "x": 50,
    "y": 10,
  },
  Object {
    "column": 5,
    "position": 5,
    "row": 0,
    "x": 50,
    "y": 0,
  },
  Object {
    "column": 4,
    "position": 94,
    "row": 9,
    "x": 40,
    "y": 90,
  },
  Object {
    "column": 4,
    "position": 84,
    "row": 8,
    "x": 40,
    "y": 80,
  },
  Object {
    "column": 4,
    "position": 74,
    "row": 7,
    "x": 40,
    "y": 70,
  },
  Object {
    "column": 4,
    "position": 64,
    "row": 6,
    "x": 40,
    "y": 60,
  },
  Object {
    "column": 4,
    "position": 54,
    "row": 5,
    "x": 40,
    "y": 50,
  },
  Object {
    "column": 4,
    "position": 44,
    "row": 4,
    "x": 40,
    "y": 40,
  },
  Object {
    "column": 4,
    "position": 34,
    "row": 3,
    "x": 40,
    "y": 30,
  },
  Object {
    "column": 4,
    "position": 24,
    "row": 2,
    "x": 40,
    "y": 20,
  },
  Object {
    "column": 4,
    "position": 14,
    "row": 1,
    "x": 40,
    "y": 10,
  },
  Object {
    "column": 4,
    "position": 4,
    "row": 0,
    "x": 40,
    "y": 0,
  },
  Object {
    "column": 3,
    "position": 93,
    "row": 9,
    "x": 30,
    "y": 90,
  },
  Object {
    "column": 3,
    "position": 83,
    "row": 8,
    "x": 30,
    "y": 80,
  },
  Object {
    "column": 3,
    "position": 73,
    "row": 7,
    "x": 30,
    "y": 70,
  },
  Object {
    "column": 3,
    "position": 63,
    "row": 6,
    "x": 30,
    "y": 60,
  },
  Object {
    "column": 3,
    "position": 53,
    "row": 5,
    "x": 30,
    "y": 50,
  },
  Object {
    "column": 3,
    "position": 43,
    "row": 4,
    "x": 30,
    "y": 40,
  },
  Object {
    "column": 3,
    "position": 33,
    "row": 3,
    "x": 30,
    "y": 30,
  },
  Object {
    "column": 3,
    "position": 23,
    "row": 2,
    "x": 30,
    "y": 20,
  },
  Object {
    "column": 3,
    "position": 13,
    "row": 1,
    "x": 30,
    "y": 10,
  },
  Object {
    "column": 3,
    "position": 3,
    "row": 0,
    "x": 30,
    "y": 0,
  },
  Object {
    "column": 2,
    "position": 92,
    "row": 9,
    "x": 20,
    "y": 90,
  },
  Object {
    "column": 2,
    "position": 82,
    "row": 8,
    "x": 20,
    "y": 80,
  },
  Object {
    "column": 2,
    "position": 72,
    "row": 7,
    "x": 20,
    "y": 70,
  },
  Object {
    "column": 2,
    "position": 62,
    "row": 6,
    "x": 20,
    "y": 60,
  },
  Object {
    "column": 2,
    "position": 52,
    "row": 5,
    "x": 20,
    "y": 50,
  },
  Object {
    "column": 2,
    "position": 42,
    "row": 4,
    "x": 20,
    "y": 40,
  },
  Object {
    "column": 2,
    "position": 32,
    "row": 3,
    "x": 20,
    "y": 30,
  },
  Object {
    "column": 2,
    "position": 22,
    "row": 2,
    "x": 20,
    "y": 20,
  },
  Object {
    "column": 2,
    "position": 12,
    "row": 1,
    "x": 20,
    "y": 10,
  },
  Object {
    "column": 2,
    "position": 2,
    "row": 0,
    "x": 20,
    "y": 0,
  },
  Object {
    "column": 1,
    "position": 91,
    "row": 9,
    "x": 10,
    "y": 90,
  },
  Object {
    "column": 1,
    "position": 81,
    "row": 8,
    "x": 10,
    "y": 80,
  },
  Object {
    "column": 1,
    "position": 71,
    "row": 7,
    "x": 10,
    "y": 70,
  },
  Object {
    "column": 1,
    "position": 61,
    "row": 6,
    "x": 10,
    "y": 60,
  },
  Object {
    "column": 1,
    "position": 51,
    "row": 5,
    "x": 10,
    "y": 50,
  },
  Object {
    "column": 1,
    "position": 41,
    "row": 4,
    "x": 10,
    "y": 40,
  },
  Object {
    "column": 1,
    "position": 31,
    "row": 3,
    "x": 10,
    "y": 30,
  },
  Object {
    "column": 1,
    "position": 21,
    "row": 2,
    "x": 10,
    "y": 20,
  },
  Object {
    "column": 1,
    "position": 11,
    "row": 1,
    "x": 10,
    "y": 10,
  },
  Object {
    "column": 1,
    "position": 1,
    "row": 0,
    "x": 10,
    "y": 0,
  },
  Object {
    "column": 0,
    "position": 90,
    "row": 9,
    "x": 0,
    "y": 90,
  },
  Object {
    "column": 0,
    "position": 80,
    "row": 8,
    "x": 0,
    "y": 80,
  },
  Object {
    "column": 0,
    "position": 70,
    "row": 7,
    "x": 0,
    "y": 70,
  },
  Object {
    "column": 0,
    "position": 60,
    "row": 6,
    "x": 0,
    "y": 60,
  },
  Object {
    "column": 0,
    "position": 50,
    "row": 5,
    "x": 0,
    "y": 50,
  },
  Object {
    "column": 0,
    "position": 40,
    "row": 4,
    "x": 0,
    "y": 40,
  },
  Object {
    "column": 0,
    "position": 30,
    "row": 3,
    "x": 0,
    "y": 30,
  },
  Object {
    "column": 0,
    "position": 20,
    "row": 2,
    "x": 0,
    "y": 20,
  },
  Object {
    "column": 0,
    "position": 10,
    "row": 1,
    "x": 0,
    "y": 10,
  },
  Object {
    "column": 0,
    "position": 0,
    "row": 0,
    "x": 0,
    "y": 0,
  },
]
`;

exports[`computeGrid should support top fill mode 1`] = `
Array [
  Object {
    "column": 0,
    "position": 0,
    "row": 0,
    "x": 0,
    "y": 0,
  },
  Object {
    "column": 1,
    "position": 1,
    "row": 0,
    "x": 10,
    "y": 0,
  },
  Object {
    "column": 2,
    "position": 2,
    "row": 0,
    "x": 20,
    "y": 0,
  },
  Object {
    "column": 3,
    "position": 3,
    "row": 0,
    "x": 30,
    "y": 0,
  },
  Object {
    "column": 4,
    "position": 4,
    "row": 0,
    "x": 40,
    "y": 0,
  },
  Object {
    "column": 5,
    "position": 5,
    "row": 0,
    "x": 50,
    "y": 0,
  },
  Object {
    "column": 6,
    "position": 6,
    "row": 0,
    "x": 60,
    "y": 0,
  },
  Object {
    "column": 7,
    "position": 7,
    "row": 0,
    "x": 70,
    "y": 0,
  },
  Object {
    "column": 8,
    "position": 8,
    "row": 0,
    "x": 80,
    "y": 0,
  },
  Object {
    "column": 9,
    "position": 9,
    "row": 0,
    "x": 90,
    "y": 0,
  },
  Object {
    "column": 0,
    "position": 10,
    "row": 1,
    "x": 0,
    "y": 10,
  },
  Object {
    "column": 1,
    "position": 11,
    "row": 1,
    "x": 10,
    "y": 10,
  },
  Object {
    "column": 2,
    "position": 12,
    "row": 1,
    "x": 20,
    "y": 10,
  },
  Object {
    "column": 3,
    "position": 13,
    "row": 1,
    "x": 30,
    "y": 10,
  },
  Object {
    "column": 4,
    "position": 14,
    "row": 1,
    "x": 40,
    "y": 10,
  },
  Object {
    "column": 5,
    "position": 15,
    "row": 1,
    "x": 50,
    "y": 10,
  },
  Object {
    "column": 6,
    "position": 16,
    "row": 1,
    "x": 60,
    "y": 10,
  },
  Object {
    "column": 7,
    "position": 17,
    "row": 1,
    "x": 70,
    "y": 10,
  },
  Object {
    "column": 8,
    "position": 18,
    "row": 1,
    "x": 80,
    "y": 10,
  },
  Object {
    "column": 9,
    "position": 19,
    "row": 1,
    "x": 90,
    "y": 10,
  },
  Object {
    "column": 0,
    "position": 20,
    "row": 2,
    "x": 0,
    "y": 20,
  },
  Object {
    "column": 1,
    "position": 21,
    "row": 2,
    "x": 10,
    "y": 20,
  },
  Object {
    "column": 2,
    "position": 22,
    "row": 2,
    "x": 20,
    "y": 20,
  },
  Object {
    "column": 3,
    "position": 23,
    "row": 2,
    "x": 30,
    "y": 20,
  },
  Object {
    "column": 4,
    "position": 24,
    "row": 2,
    "x": 40,
    "y": 20,
  },
  Object {
    "column": 5,
    "position": 25,
    "row": 2,
    "x": 50,
    "y": 20,
  },
  Object {
    "column": 6,
    "position": 26,
    "row": 2,
    "x": 60,
    "y": 20,
  },
  Object {
    "column": 7,
    "position": 27,
    "row": 2,
    "x": 70,
    "y": 20,
  },
  Object {
    "column": 8,
    "position": 28,
    "row": 2,
    "x": 80,
    "y": 20,
  },
  Object {
    "column": 9,
    "position": 29,
    "row": 2,
    "x": 90,
    "y": 20,
  },
  Object {
    "column": 0,
    "position": 30,
    "row": 3,
    "x": 0,
    "y": 30,
  },
  Object {
    "column": 1,
    "position": 31,
    "row": 3,
    "x": 10,
    "y": 30,
  },
  Object {
    "column": 2,
    "position": 32,
    "row": 3,
    "x": 20,
    "y": 30,
  },
  Object {
    "column": 3,
    "position": 33,
    "row": 3,
    "x": 30,
    "y": 30,
  },
  Object {
    "column": 4,
    "position": 34,
    "row": 3,
    "x": 40,
    "y": 30,
  },
  Object {
    "column": 5,
    "position": 35,
    "row": 3,
    "x": 50,
    "y": 30,
  },
  Object {
    "column": 6,
    "position": 36,
    "row": 3,
    "x": 60,
    "y": 30,
  },
  Object {
    "column": 7,
    "position": 37,
    "row": 3,
    "x": 70,
    "y": 30,
  },
  Object {
    "column": 8,
    "position": 38,
    "row": 3,
    "x": 80,
    "y": 30,
  },
  Object {
    "column": 9,
    "position": 39,
    "row": 3,
    "x": 90,
    "y": 30,
  },
  Object {
    "column": 0,
    "position": 40,
    "row": 4,
    "x": 0,
    "y": 40,
  },
  Object {
    "column": 1,
    "position": 41,
    "row": 4,
    "x": 10,
    "y": 40,
  },
  Object {
    "column": 2,
    "position": 42,
    "row": 4,
    "x": 20,
    "y": 40,
  },
  Object {
    "column": 3,
    "position": 43,
    "row": 4,
    "x": 30,
    "y": 40,
  },
  Object {
    "column": 4,
    "position": 44,
    "row": 4,
    "x": 40,
    "y": 40,
  },
  Object {
    "column": 5,
    "position": 45,
    "row": 4,
    "x": 50,
    "y": 40,
  },
  Object {
    "column": 6,
    "position": 46,
    "row": 4,
    "x": 60,
    "y": 40,
  },
  Object {
    "column": 7,
    "position": 47,
    "row": 4,
    "x": 70,
    "y": 40,
  },
  Object {
    "column": 8,
    "position": 48,
    "row": 4,
    "x": 80,
    "y": 40,
  },
  Object {
    "column": 9,
    "position": 49,
    "row": 4,
    "x": 90,
    "y": 40,
  },
  Object {
    "column": 0,
    "position": 50,
    "row": 5,
    "x": 0,
    "y": 50,
  },
  Object {
    "column": 1,
    "position": 51,
    "row": 5,
    "x": 10,
    "y": 50,
  },
  Object {
    "column": 2,
    "position": 52,
    "row": 5,
    "x": 20,
    "y": 50,
  },
  Object {
    "column": 3,
    "position": 53,
    "row": 5,
    "x": 30,
    "y": 50,
  },
  Object {
    "column": 4,
    "position": 54,
    "row": 5,
    "x": 40,
    "y": 50,
  },
  Object {
    "column": 5,
    "position": 55,
    "row": 5,
    "x": 50,
    "y": 50,
  },
  Object {
    "column": 6,
    "position": 56,
    "row": 5,
    "x": 60,
    "y": 50,
  },
  Object {
    "column": 7,
    "position": 57,
    "row": 5,
    "x": 70,
    "y": 50,
  },
  Object {
    "column": 8,
    "position": 58,
    "row": 5,
    "x": 80,
    "y": 50,
  },
  Object {
    "column": 9,
    "position": 59,
    "row": 5,
    "x": 90,
    "y": 50,
  },
  Object {
    "column": 0,
    "position": 60,
    "row": 6,
    "x": 0,
    "y": 60,
  },
  Object {
    "column": 1,
    "position": 61,
    "row": 6,
    "x": 10,
    "y": 60,
  },
  Object {
    "column": 2,
    "position": 62,
    "row": 6,
    "x": 20,
    "y": 60,
  },
  Object {
    "column": 3,
    "position": 63,
    "row": 6,
    "x": 30,
    "y": 60,
  },
  Object {
    "column": 4,
    "position": 64,
    "row": 6,
    "x": 40,
    "y": 60,
  },
  Object {
    "column": 5,
    "position": 65,
    "row": 6,
    "x": 50,
    "y": 60,
  },
  Object {
    "column": 6,
    "position": 66,
    "row": 6,
    "x": 60,
    "y": 60,
  },
  Object {
    "column": 7,
    "position": 67,
    "row": 6,
    "x": 70,
    "y": 60,
  },
  Object {
    "column": 8,
    "position": 68,
    "row": 6,
    "x": 80,
    "y": 60,
  },
  Object {
    "column": 9,
    "position": 69,
    "row": 6,
    "x": 90,
    "y": 60,
  },
  Object {
    "column": 0,
    "position": 70,
    "row": 7,
    "x": 0,
    "y": 70,
  },
  Object {
    "column": 1,
    "position": 71,
    "row": 7,
    "x": 10,
    "y": 70,
  },
  Object {
    "column": 2,
    "position": 72,
    "row": 7,
    "x": 20,
    "y": 70,
  },
  Object {
    "column": 3,
    "position": 73,
    "row": 7,
    "x": 30,
    "y": 70,
  },
  Object {
    "column": 4,
    "position": 74,
    "row": 7,
    "x": 40,
    "y": 70,
  },
  Object {
    "column": 5,
    "position": 75,
    "row": 7,
    "x": 50,
    "y": 70,
  },
  Object {
    "column": 6,
    "position": 76,
    "row": 7,
    "x": 60,
    "y": 70,
  },
  Object {
    "column": 7,
    "position": 77,
    "row": 7,
    "x": 70,
    "y": 70,
  },
  Object {
    "column": 8,
    "position": 78,
    "row": 7,
    "x": 80,
    "y": 70,
  },
  Object {
    "column": 9,
    "position": 79,
    "row": 7,
    "x": 90,
    "y": 70,
  },
  Object {
    "column": 0,
    "position": 80,
    "row": 8,
    "x": 0,
    "y": 80,
  },
  Object {
    "column": 1,
    "position": 81,
    "row": 8,
    "x": 10,
    "y": 80,
  },
  Object {
    "column": 2,
    "position": 82,
    "row": 8,
    "x": 20,
    "y": 80,
  },
  Object {
    "column": 3,
    "position": 83,
    "row": 8,
    "x": 30,
    "y": 80,
  },
  Object {
    "column": 4,
    "position": 84,
    "row": 8,
    "x": 40,
    "y": 80,
  },
  Object {
    "column": 5,
    "position": 85,
    "row": 8,
    "x": 50,
    "y": 80,
  },
  Object {
    "column": 6,
    "position": 86,
    "row": 8,
    "x": 60,
    "y": 80,
  },
  Object {
    "column": 7,
    "position": 87,
    "row": 8,
    "x": 70,
    "y": 80,
  },
  Object {
    "column": 8,
    "position": 88,
    "row": 8,
    "x": 80,
    "y": 80,
  },
  Object {
    "column": 9,
    "position": 89,
    "row": 8,
    "x": 90,
    "y": 80,
  },
  Object {
    "column": 0,
    "position": 90,
    "row": 9,
    "x": 0,
    "y": 90,
  },
  Object {
    "column": 1,
    "position": 91,
    "row": 9,
    "x": 10,
    "y": 90,
  },
  Object {
    "column": 2,
    "position": 92,
    "row": 9,
    "x": 20,
    "y": 90,
  },
  Object {
    "column": 3,
    "position": 93,
    "row": 9,
    "x": 30,
    "y": 90,
  },
  Object {
    "column": 4,
    "position": 94,
    "row": 9,
    "x": 40,
    "y": 90,
  },
  Object {
    "column": 5,
    "position": 95,
    "row": 9,
    "x": 50,
    "y": 90,
  },
  Object {
    "column": 6,
    "position": 96,
    "row": 9,
    "x": 60,
    "y": 90,
  },
  Object {
    "column": 7,
    "position": 97,
    "row": 9,
    "x": 70,
    "y": 90,
  },
  Object {
    "column": 8,
    "position": 98,
    "row": 9,
    "x": 80,
    "y": 90,
  },
  Object {
    "column": 9,
    "position": 99,
    "row": 9,
    "x": 90,
    "y": 90,
  },
]
`;
